// Jest Snapshot v1, https://goo.gl/fbAQLP

exports[`renders correctly Add Movie Modal 1`] = `null`;
