// Jest Snapshot v1, https://goo.gl/fbAQLP

exports[`renders correctly 1`] = `
<h1
  className="header__title"
>
  Testing Title
</h1>
`;
